// Vitest Snapshot v1, https://vitest.dev/guide/snapshot.html

exports[`CellWrapper > renders correctly 1`] = `
<DocumentFragment>
  <div
    class="css-5tigzz"
  />
</DocumentFragment>
`;
