// Vitest Snapshot v1, https://vitest.dev/guide/snapshot.html

exports[`CellWithLink > renders correctly 1`] = `
<DocumentFragment>
  <div
    class="css-fclqwi"
  >
    <a
      class="chakra-link css-0"
      data-discover="true"
      href="/test-link"
    >
      Test Link
    </a>
  </div>
</DocumentFragment>
`;
